// Jest Snapshot v1, https://goo.gl/fbAQLP

exports[`<TextForm /> should match to snapshot when render default 1`] = `
ShallowWrapper {
  "length": 1,
  Symbol(enzyme.__root__): [Circular],
  Symbol(enzyme.__unrendered__): <TextForm
    className="mock-class-name"
    onChange={[Function]}
    onSubmit={[Function]}
    placeholder="mock-title"
  />,
  Symbol(enzyme.__renderer__): Object {
    "batchedUpdates": [Function],
    "getNode": [Function],
    "render": [Function],
    "simulateEvent": [Function],
    "unmount": [Function],
  },
  Symbol(enzyme.__node__): Object {
    "instance": null,
    "key": undefined,
    "nodeType": "host",
    "props": Object {
      "className": "mock-class-name",
      "onChange": [Function],
      "onKeyPress": [Function],
      "onSubmit": [Function],
      "placeholder": "mock-title",
      "type": "text",
    },
    "ref": null,
    "rendered": null,
    "type": "input",
  },
  Symbol(enzyme.__nodes__): Array [
    Object {
      "instance": null,
      "key": undefined,
      "nodeType": "host",
      "props": Object {
        "className": "mock-class-name",
        "onChange": [Function],
        "onKeyPress": [Function],
        "onSubmit": [Function],
        "placeholder": "mock-title",
        "type": "text",
      },
      "ref": null,
      "rendered": null,
      "type": "input",
    },
  ],
  Symbol(enzyme.__options__): Object {
    "adapter": ReactSixteenAdapter {
      "options": Object {
        "enableComponentDidUpdateOnSetState": true,
      },
    },
  },
}
`;
